// Jest Snapshot v1, https://goo.gl/fbAQLP

exports[`vClickOutside ESM v-click-outside -> directive bind/unbind bind exceptions throws an error if value is not a function 1`] = `"Binding value must be a function."`;

exports[`vClickOutside MIN v-click-outside -> directive bind/unbind bind exceptions throws an error if value is not a function 1`] = `"Binding value must be a function."`;

exports[`vClickOutside WEB v-click-outside -> directive bind/unbind bind exceptions throws an error if value is not a function 1`] = `"Binding value must be a function."`;
